// Jest Snapshot v1, https://goo.gl/fbAQLP

exports[`ATOMS: Render testing Should render Button 1`] = `
<div>
  <button
    className="sc-AxjAm dddBUv"
  >
    Join
  </button>
</div>
`;
