// Jest Snapshot v1, https://goo.gl/fbAQLP

exports[`ATOMS: Render testing Should render Hr 1`] = `
<div>
  <hr
    className="sc-AxjAm himXKj"
  />
</div>
`;
