// Jest Snapshot v1, https://goo.gl/fbAQLP

exports[`ATOMS: Render testing Should render Hr 1`] = `
<div>
  <h1
    className="sc-AxjAm lmsiAH"
  >
    H1
  </h1>
  <h2
    className="sc-AxirZ hvUUMv"
    color="#091870"
  >
    H2
  </h2>
</div>
`;
